Archive member included to satisfy reference by file (symbol)

/usr/lib/gcc/avr/13.2.0/../../../../avr/lib/avr5/libprintf_flt.a(vfprintf_flt.o)
                              (vfprintf)
/usr/lib/gcc/avr/13.2.0/avr5/libgcc.a(_mulsi3.o)
                              lib/arduino/map.o (__mulsi3)
/usr/lib/gcc/avr/13.2.0/avr5/libgcc.a(_udivmodhi4.o)
                              lib/arduino/unolib.o (__udivmodhi4)
/usr/lib/gcc/avr/13.2.0/avr5/libgcc.a(_udivmodsi4.o)
                              lib/ssd1306/SSD1306.o (__udivmodsi4)
/usr/lib/gcc/avr/13.2.0/avr5/libgcc.a(_divmodsi4.o)
                              lib/arduino/map.o (__divmodsi4)
/usr/lib/gcc/avr/13.2.0/avr5/libgcc.a(_negsi2.o)
                              /usr/lib/gcc/avr/13.2.0/avr5/libgcc.a(_divmodsi4.o) (__negsi2)
/usr/lib/gcc/avr/13.2.0/avr5/libgcc.a(_exit.o)
                              /usr/lib/gcc/avr/13.2.0/../../../../avr/lib/avr5/crtatmega328p.o (exit)
/usr/lib/gcc/avr/13.2.0/avr5/libgcc.a(_tablejump2.o)
                              lib/ssd1306/SSD1306.o (__tablejump2__)
/usr/lib/gcc/avr/13.2.0/avr5/libgcc.a(_copy_data.o)
                              main.o (__do_copy_data)
/usr/lib/gcc/avr/13.2.0/avr5/libgcc.a(_clear_bss.o)
                              main.o (__do_clear_bss)
/usr/lib/gcc/avr/13.2.0/avr5/libgcc.a(_muluhisi3.o)
                              /usr/lib/gcc/avr/13.2.0/avr5/libgcc.a(_mulsi3.o) (__muluhisi3)
/usr/lib/gcc/avr/13.2.0/avr5/libgcc.a(_prologue.o)
                              /usr/lib/gcc/avr/13.2.0/../../../../avr/lib/avr5/libprintf_flt.a(vfprintf_flt.o) (__prologue_saves__)
/usr/lib/gcc/avr/13.2.0/avr5/libgcc.a(_epilogue.o)
                              /usr/lib/gcc/avr/13.2.0/../../../../avr/lib/avr5/libprintf_flt.a(vfprintf_flt.o) (__epilogue_restores__)
/usr/lib/gcc/avr/13.2.0/avr5/libgcc.a(_umulhisi3.o)
                              /usr/lib/gcc/avr/13.2.0/avr5/libgcc.a(_muluhisi3.o) (__umulhisi3)
/usr/lib/gcc/avr/13.2.0/../../../../avr/lib/avr5/libm.a(addsf3.o)
                              lib/ssd1306/SSD1306.o (__subsf3)
/usr/lib/gcc/avr/13.2.0/../../../../avr/lib/avr5/libm.a(addsf3x.o)
                              /usr/lib/gcc/avr/13.2.0/../../../../avr/lib/avr5/libm.a(addsf3.o) (__addsf3x)
/usr/lib/gcc/avr/13.2.0/../../../../avr/lib/avr5/libm.a(fixunssfsi.o)
                              lib/ssd1306/SSD1306.o (__fixunssfsi)
/usr/lib/gcc/avr/13.2.0/../../../../avr/lib/avr5/libm.a(floatsisf.o)
                              lib/ssd1306/SSD1306.o (__floatunsisf)
/usr/lib/gcc/avr/13.2.0/../../../../avr/lib/avr5/libm.a(fp_inf.o)
                              /usr/lib/gcc/avr/13.2.0/../../../../avr/lib/avr5/libm.a(addsf3x.o) (__fp_inf)
/usr/lib/gcc/avr/13.2.0/../../../../avr/lib/avr5/libm.a(fp_nan.o)
                              /usr/lib/gcc/avr/13.2.0/../../../../avr/lib/avr5/libm.a(addsf3x.o) (__fp_nan)
/usr/lib/gcc/avr/13.2.0/../../../../avr/lib/avr5/libm.a(fp_pscA.o)
                              /usr/lib/gcc/avr/13.2.0/../../../../avr/lib/avr5/libm.a(addsf3x.o) (__fp_pscA)
/usr/lib/gcc/avr/13.2.0/../../../../avr/lib/avr5/libm.a(fp_pscB.o)
                              /usr/lib/gcc/avr/13.2.0/../../../../avr/lib/avr5/libm.a(addsf3x.o) (__fp_pscB)
/usr/lib/gcc/avr/13.2.0/../../../../avr/lib/avr5/libm.a(fp_round.o)
                              /usr/lib/gcc/avr/13.2.0/../../../../avr/lib/avr5/libm.a(addsf3.o) (__fp_round)
/usr/lib/gcc/avr/13.2.0/../../../../avr/lib/avr5/libm.a(fp_split3.o)
                              /usr/lib/gcc/avr/13.2.0/../../../../avr/lib/avr5/libm.a(addsf3x.o) (__fp_split3)
/usr/lib/gcc/avr/13.2.0/../../../../avr/lib/avr5/libm.a(fp_zero.o)
                              /usr/lib/gcc/avr/13.2.0/../../../../avr/lib/avr5/libm.a(addsf3x.o) (__fp_zero)
/usr/lib/gcc/avr/13.2.0/../../../../avr/lib/avr5/libm.a(mulsf3.o)
                              lib/ssd1306/SSD1306.o (__mulsf3)
/usr/lib/gcc/avr/13.2.0/../../../../avr/lib/avr5/libm.a(mulsf3x.o)
                              /usr/lib/gcc/avr/13.2.0/../../../../avr/lib/avr5/libm.a(mulsf3.o) (__mulsf3x)
/usr/lib/gcc/avr/13.2.0/../../../../avr/lib/avr5/libc.a(malloc.o)
                              include/Encoder.o (malloc)
/usr/lib/gcc/avr/13.2.0/../../../../avr/lib/avr5/libc.a(rand.o)
                              lib/arduino/unolib.o (rand)
/usr/lib/gcc/avr/13.2.0/../../../../avr/lib/avr5/libc.a(ftoa_engine.o)
                              /usr/lib/gcc/avr/13.2.0/../../../../avr/lib/avr5/libprintf_flt.a(vfprintf_flt.o) (__ftoa_engine)
/usr/lib/gcc/avr/13.2.0/../../../../avr/lib/avr5/libc.a(strnlen_P.o)
                              /usr/lib/gcc/avr/13.2.0/../../../../avr/lib/avr5/libprintf_flt.a(vfprintf_flt.o) (strnlen_P)
/usr/lib/gcc/avr/13.2.0/../../../../avr/lib/avr5/libc.a(strnlen.o)
                              /usr/lib/gcc/avr/13.2.0/../../../../avr/lib/avr5/libprintf_flt.a(vfprintf_flt.o) (strnlen)
/usr/lib/gcc/avr/13.2.0/../../../../avr/lib/avr5/libc.a(fgetc.o)
                              lib/arduino/readLine.o (fgetc)
/usr/lib/gcc/avr/13.2.0/../../../../avr/lib/avr5/libc.a(fputc.o)
                              /usr/lib/gcc/avr/13.2.0/../../../../avr/lib/avr5/libprintf_flt.a(vfprintf_flt.o) (fputc)
/usr/lib/gcc/avr/13.2.0/../../../../avr/lib/avr5/libc.a(iob.o)
                              lib/arduino/readLine.o (__iob)
/usr/lib/gcc/avr/13.2.0/../../../../avr/lib/avr5/libc.a(printf.o)
                              main.o (printf)
/usr/lib/gcc/avr/13.2.0/../../../../avr/lib/avr5/libc.a(puts.o)
                              lib/arduino/serialRead.o (puts)
/usr/lib/gcc/avr/13.2.0/../../../../avr/lib/avr5/libc.a(scanf.o)
                              lib/arduino/serialRead.o (scanf)
/usr/lib/gcc/avr/13.2.0/../../../../avr/lib/avr5/libc.a(ultoa_invert.o)
                              /usr/lib/gcc/avr/13.2.0/../../../../avr/lib/avr5/libprintf_flt.a(vfprintf_flt.o) (__ultoa_invert)
/usr/lib/gcc/avr/13.2.0/../../../../avr/lib/avr5/libc.a(vfscanf_std.o)
                              /usr/lib/gcc/avr/13.2.0/../../../../avr/lib/avr5/libc.a(scanf.o) (vfscanf)
/usr/lib/gcc/avr/13.2.0/../../../../avr/lib/avr5/libc.a(isspace.o)
                              /usr/lib/gcc/avr/13.2.0/../../../../avr/lib/avr5/libc.a(vfscanf_std.o) (isspace)
/usr/lib/gcc/avr/13.2.0/../../../../avr/lib/avr5/libc.a(strchr_P.o)
                              /usr/lib/gcc/avr/13.2.0/../../../../avr/lib/avr5/libc.a(vfscanf_std.o) (strchr_P)
/usr/lib/gcc/avr/13.2.0/../../../../avr/lib/avr5/libc.a(ungetc.o)
                              /usr/lib/gcc/avr/13.2.0/../../../../avr/lib/avr5/libc.a(vfscanf_std.o) (ungetc)
/usr/lib/gcc/avr/13.2.0/../../../../avr/lib/avr5/libc.a(cty_isfalse.o)
                              /usr/lib/gcc/avr/13.2.0/../../../../avr/lib/avr5/libc.a(isspace.o) (__ctype_isfalse)
/usr/lib/gcc/avr/13.2.0/avr5/libgcc.a(_mulshisi3.o)
                              /usr/lib/gcc/avr/13.2.0/../../../../avr/lib/avr5/libc.a(rand.o) (__mulohisi3)

Discarded input sections

 .data          0x00000000        0x0 /usr/lib/gcc/avr/13.2.0/../../../../avr/lib/avr5/crtatmega328p.o
 .bss           0x00000000        0x0 /usr/lib/gcc/avr/13.2.0/../../../../avr/lib/avr5/crtatmega328p.o
 .text          0x00000000        0x0 /usr/lib/gcc/avr/13.2.0/../../../../avr/lib/avr5/libprintf_flt.a(vfprintf_flt.o)
 .data          0x00000000        0x0 /usr/lib/gcc/avr/13.2.0/../../../../avr/lib/avr5/libprintf_flt.a(vfprintf_flt.o)
 .bss           0x00000000        0x0 /usr/lib/gcc/avr/13.2.0/../../../../avr/lib/avr5/libprintf_flt.a(vfprintf_flt.o)
 .text          0x00000000        0x0 main.o
 .data          0x00000000        0x0 main.o
 .bss           0x00000000        0x0 main.o
 .text          0x00000000        0x0 lib/arduino/analogRead.o
 .data          0x00000000        0x0 lib/arduino/analogRead.o
 .bss           0x00000000        0x0 lib/arduino/analogRead.o
 .text.initADC0
                0x00000000       0x1c lib/arduino/analogRead.o
 .text.analogRead
                0x00000000       0x86 lib/arduino/analogRead.o
 .debug_info    0x00000000       0xbd lib/arduino/analogRead.o
 .debug_abbrev  0x00000000       0x8c lib/arduino/analogRead.o
 .debug_loclists
                0x00000000       0x38 lib/arduino/analogRead.o
 .debug_aranges
                0x00000000       0x28 lib/arduino/analogRead.o
 .debug_rnglists
                0x00000000       0x1a lib/arduino/analogRead.o
 .debug_line    0x00000000      0x1d4 lib/arduino/analogRead.o
 .debug_str     0x00000000      0x15c lib/arduino/analogRead.o
 .debug_line_str
                0x00000000       0x93 lib/arduino/analogRead.o
 .comment       0x00000000       0x13 lib/arduino/analogRead.o
 .debug_frame   0x00000000       0x3c lib/arduino/analogRead.o
 .text          0x00000000        0x0 lib/arduino/analogWrite.o
 .data          0x00000000        0x0 lib/arduino/analogWrite.o
 .bss           0x00000000        0x0 lib/arduino/analogWrite.o
 .text.clear_all_TC
                0x00000000       0x16 lib/arduino/analogWrite.o
 .text.analogWrite
                0x00000000       0xe4 lib/arduino/analogWrite.o
 .debug_info    0x00000000       0xc2 lib/arduino/analogWrite.o
 .debug_abbrev  0x00000000       0x96 lib/arduino/analogWrite.o
 .debug_loclists
                0x00000000       0xbc lib/arduino/analogWrite.o
 .debug_aranges
                0x00000000       0x28 lib/arduino/analogWrite.o
 .debug_rnglists
                0x00000000       0x1a lib/arduino/analogWrite.o
 .debug_line    0x00000000      0x370 lib/arduino/analogWrite.o
 .debug_str     0x00000000      0x167 lib/arduino/analogWrite.o
 .debug_line_str
                0x00000000       0x96 lib/arduino/analogWrite.o
 .comment       0x00000000       0x13 lib/arduino/analogWrite.o
 .debug_frame   0x00000000       0x34 lib/arduino/analogWrite.o
 .text          0x00000000        0x0 lib/arduino/button.o
 .data          0x00000000        0x0 lib/arduino/button.o
 .bss           0x00000000        0x0 lib/arduino/button.o
 .text          0x00000000        0x0 lib/arduino/delay.o
 .data          0x00000000        0x0 lib/arduino/delay.o
 .bss           0x00000000        0x0 lib/arduino/delay.o
 .text.delay    0x00000000       0x20 lib/arduino/delay.o
 .debug_info    0x00000000      0x179 lib/arduino/delay.o
 .debug_abbrev  0x00000000      0x148 lib/arduino/delay.o
 .debug_loclists
                0x00000000       0x76 lib/arduino/delay.o
 .debug_aranges
                0x00000000       0x20 lib/arduino/delay.o
 .debug_rnglists
                0x00000000       0x13 lib/arduino/delay.o
 .debug_line    0x00000000       0xf4 lib/arduino/delay.o
 .debug_str     0x00000000      0x1a2 lib/arduino/delay.o
 .debug_line_str
                0x00000000       0xa9 lib/arduino/delay.o
 .comment       0x00000000       0x13 lib/arduino/delay.o
 .debug_frame   0x00000000       0x24 lib/arduino/delay.o
 .text          0x00000000        0x0 lib/arduino/digitalRead.o
 .data          0x00000000        0x0 lib/arduino/digitalRead.o
 .bss           0x00000000        0x0 lib/arduino/digitalRead.o
 .text          0x00000000        0x0 lib/arduino/digitalWrite.o
 .data          0x00000000        0x0 lib/arduino/digitalWrite.o
 .bss           0x00000000        0x0 lib/arduino/digitalWrite.o
 .text.digitalWrite
                0x00000000       0x6c lib/arduino/digitalWrite.o
 .debug_info    0x00000000      0x101 lib/arduino/digitalWrite.o
 .debug_abbrev  0x00000000       0xc7 lib/arduino/digitalWrite.o
 .debug_loclists
                0x00000000       0xb4 lib/arduino/digitalWrite.o
 .debug_aranges
                0x00000000       0x20 lib/arduino/digitalWrite.o
 .debug_rnglists
                0x00000000       0x13 lib/arduino/digitalWrite.o
 .debug_line    0x00000000      0x114 lib/arduino/digitalWrite.o
 .debug_str     0x00000000      0x162 lib/arduino/digitalWrite.o
 .debug_line_str
                0x00000000       0xa2 lib/arduino/digitalWrite.o
 .comment       0x00000000       0x13 lib/arduino/digitalWrite.o
 .debug_frame   0x00000000       0x24 lib/arduino/digitalWrite.o
 .text          0x00000000        0x0 lib/arduino/map.o
 .data          0x00000000        0x0 lib/arduino/map.o
 .bss           0x00000000        0x0 lib/arduino/map.o
 .text.map      0x00000000       0x96 lib/arduino/map.o
 .debug_info    0x00000000       0xdc lib/arduino/map.o
 .debug_abbrev  0x00000000       0x8e lib/arduino/map.o
 .debug_loclists
                0x00000000       0xb2 lib/arduino/map.o
 .debug_aranges
                0x00000000       0x20 lib/arduino/map.o
 .debug_rnglists
                0x00000000       0x14 lib/arduino/map.o
 .debug_line    0x00000000       0xb4 lib/arduino/map.o
 .debug_str     0x00000000      0x158 lib/arduino/map.o
 .debug_line_str
                0x00000000       0x7e lib/arduino/map.o
 .comment       0x00000000       0x13 lib/arduino/map.o
 .debug_frame   0x00000000       0x78 lib/arduino/map.o
 .text          0x00000000        0x0 lib/arduino/pinMode.o
 .data          0x00000000        0x0 lib/arduino/pinMode.o
 .bss           0x00000000        0x0 lib/arduino/pinMode.o
 .text          0x00000000        0x0 lib/arduino/readLine.o
 .data          0x00000000        0x0 lib/arduino/readLine.o
 .bss           0x00000000        0x0 lib/arduino/readLine.o
 .text.readLine
                0x00000000       0x4c lib/arduino/readLine.o
 .debug_info    0x00000000      0x1e4 lib/arduino/readLine.o
 .debug_abbrev  0x00000000      0x165 lib/arduino/readLine.o
 .debug_loclists
                0x00000000       0x9e lib/arduino/readLine.o
 .debug_aranges
                0x00000000       0x20 lib/arduino/readLine.o
 .debug_rnglists
                0x00000000       0x1f lib/arduino/readLine.o
 .debug_line    0x00000000      0x13b lib/arduino/readLine.o
 .debug_str     0x00000000      0x190 lib/arduino/readLine.o
 .debug_line_str
                0x00000000       0x95 lib/arduino/readLine.o
 .comment       0x00000000       0x13 lib/arduino/readLine.o
 .debug_frame   0x00000000       0x40 lib/arduino/readLine.o
 .text          0x00000000        0x0 lib/arduino/serialRead.o
 .data          0x00000000        0x0 lib/arduino/serialRead.o
 .bss           0x00000000        0x0 lib/arduino/serialRead.o
 .rodata.serialRead.str1.1
                0x00000000       0x1f lib/arduino/serialRead.o
 .text.serialRead
                0x00000000       0x66 lib/arduino/serialRead.o
 .debug_info    0x00000000      0x143 lib/arduino/serialRead.o
 .debug_abbrev  0x00000000       0xed lib/arduino/serialRead.o
 .debug_loclists
                0x00000000       0x20 lib/arduino/serialRead.o
 .debug_aranges
                0x00000000       0x20 lib/arduino/serialRead.o
 .debug_rnglists
                0x00000000       0x13 lib/arduino/serialRead.o
 .debug_line    0x00000000       0xfa lib/arduino/serialRead.o
 .debug_str     0x00000000      0x178 lib/arduino/serialRead.o
 .debug_line_str
                0x00000000       0xa4 lib/arduino/serialRead.o
 .comment       0x00000000       0x13 lib/arduino/serialRead.o
 .debug_frame   0x00000000       0x34 lib/arduino/serialRead.o
 .text          0x00000000        0x0 lib/arduino/servo.o
 .data          0x00000000        0x0 lib/arduino/servo.o
 .bss           0x00000000        0x0 lib/arduino/servo.o
 .text.init_servos
                0x00000000        0x6 lib/arduino/servo.o
 .text.set_servo
                0x00000000       0x8c lib/arduino/servo.o
 .text.move_servo
                0x00000000       0x2e lib/arduino/servo.o
 .bss.DDRn      0x00000000        0x2 lib/arduino/servo.o
 .text          0x00000000        0x0 lib/arduino/sysclock.o
 .data          0x00000000        0x0 lib/arduino/sysclock.o
 .bss           0x00000000        0x0 lib/arduino/sysclock.o
 .text.init_pulse_0
                0x00000000       0x1a lib/arduino/sysclock.o
 .text.init_sysclock_1
                0x00000000       0x1c lib/arduino/sysclock.o
 .text.ticks    0x00000000       0x10 lib/arduino/sysclock.o
 .text.ticks_ro
                0x00000000       0x10 lib/arduino/sysclock.o
 .bss.sys_ctr_0
                0x00000000        0x2 lib/arduino/sysclock.o
 .text          0x00000000        0x0 lib/arduino/tinymt32.o
 .data          0x00000000        0x0 lib/arduino/tinymt32.o
 .bss           0x00000000        0x0 lib/arduino/tinymt32.o
 .text.tinymt32_next_state
                0x00000000      0x144 lib/arduino/tinymt32.o
 .text.ini_func1
                0x00000000       0x38 lib/arduino/tinymt32.o
 .text.ini_func2
                0x00000000       0x38 lib/arduino/tinymt32.o
 .text.period_certification
                0x00000000       0x88 lib/arduino/tinymt32.o
 .text.tinymt32_init
                0x00000000      0x110 lib/arduino/tinymt32.o
 .text.tinymt32_init_by_array
                0x00000000      0x43c lib/arduino/tinymt32.o
 .debug_info    0x00000000      0x39f lib/arduino/tinymt32.o
 .debug_abbrev  0x00000000      0x192 lib/arduino/tinymt32.o
 .debug_loclists
                0x00000000      0x3b4 lib/arduino/tinymt32.o
 .debug_aranges
                0x00000000       0x48 lib/arduino/tinymt32.o
 .debug_rnglists
                0x00000000       0x35 lib/arduino/tinymt32.o
 .debug_line    0x00000000      0x8d0 lib/arduino/tinymt32.o
 .debug_str     0x00000000      0x1fc lib/arduino/tinymt32.o
 .debug_line_str
                0x00000000       0x98 lib/arduino/tinymt32.o
 .comment       0x00000000       0x13 lib/arduino/tinymt32.o
 .debug_frame   0x00000000      0x154 lib/arduino/tinymt32.o
 .text          0x00000000        0x0 lib/arduino/tone.o
 .data          0x00000000        0x0 lib/arduino/tone.o
 .bss           0x00000000        0x0 lib/arduino/tone.o
 .text.noTone   0x00000000       0x30 lib/arduino/tone.o
 .text.tone     0x00000000       0xda lib/arduino/tone.o
 .text.tone_on  0x00000000       0xb0 lib/arduino/tone.o
 .progmem.data.notes_OCR1A
                0x00000000       0xb2 lib/arduino/tone.o
 .progmem.data.notes_TCCR1B
                0x00000000       0x59 lib/arduino/tone.o
 .progmem.data.notes_OCR0A
                0x00000000       0x59 lib/arduino/tone.o
 .progmem.data.notes_TCCR0B
                0x00000000       0x59 lib/arduino/tone.o
 .progmem.data.notes_freq
                0x00000000       0xb2 lib/arduino/tone.o
 .bss.PORTport  0x00000000        0x2 lib/arduino/tone.o
 .bss.DDRport   0x00000000        0x2 lib/arduino/tone.o
 .text          0x00000000        0x0 lib/arduino/uart.o
 .data          0x00000000        0x0 lib/arduino/uart.o
 .bss           0x00000000        0x0 lib/arduino/uart.o
 .text          0x00000000        0x0 lib/arduino/unolib.o
 .data          0x00000000        0x0 lib/arduino/unolib.o
 .bss           0x00000000        0x0 lib/arduino/unolib.o
 .text.d_analogRead
                0x00000000        0xe lib/arduino/unolib.o
 .text.constrain8_t
                0x00000000       0x10 lib/arduino/unolib.o
 .text.constrain16_t
                0x00000000       0x26 lib/arduino/unolib.o
 .text          0x00000000        0x0 lib/i2c/i2c.o
 .data          0x00000000        0x0 lib/i2c/i2c.o
 .bss           0x00000000        0x0 lib/i2c/i2c.o
 .text.i2c_timeout
                0x00000000       0x1a lib/i2c/i2c.o
 .text.i2c_rx_byte
                0x00000000       0x30 lib/i2c/i2c.o
 .text          0x00000000        0x0 lib/ssd1306/SSD1306.o
 .data          0x00000000        0x0 lib/ssd1306/SSD1306.o
 .bss           0x00000000        0x0 lib/ssd1306/SSD1306.o
 .text.OLED_ScrollMessage
                0x00000000       0xd8 lib/ssd1306/SSD1306.o
 .text.OLED_GoToLine
                0x00000000       0x12 lib/ssd1306/SSD1306.o
 .text.OLED_DisplayLogo
                0x00000000       0x46 lib/ssd1306/SSD1306.o
 .text.OLED_VerticalGraph
                0x00000000       0xa4 lib/ssd1306/SSD1306.o
 .text.OLED_HorizontalGraph
                0x00000000       0x62 lib/ssd1306/SSD1306.o
 .text.OLED_EnableInversion
                0x00000000        0x8 lib/ssd1306/SSD1306.o
 .text.OLED_DisableInversion
                0x00000000        0x8 lib/ssd1306/SSD1306.o
 .text.OLED_SetBrightness
                0x00000000       0x14 lib/ssd1306/SSD1306.o
 .text          0x00000000        0x0 include/Encoder.o
 .data          0x00000000        0x0 include/Encoder.o
 .bss           0x00000000        0x0 include/Encoder.o
 .text          0x00000000        0x0 /usr/lib/gcc/avr/13.2.0/avr5/libgcc.a(_mulsi3.o)
 .data          0x00000000        0x0 /usr/lib/gcc/avr/13.2.0/avr5/libgcc.a(_mulsi3.o)
 .bss           0x00000000        0x0 /usr/lib/gcc/avr/13.2.0/avr5/libgcc.a(_mulsi3.o)
 .text.libgcc.mul
                0x00000000       0x20 /usr/lib/gcc/avr/13.2.0/avr5/libgcc.a(_mulsi3.o)
 .text.libgcc.div
                0x00000000        0x0 /usr/lib/gcc/avr/13.2.0/avr5/libgcc.a(_mulsi3.o)
 .text.libgcc   0x00000000        0x0 /usr/lib/gcc/avr/13.2.0/avr5/libgcc.a(_mulsi3.o)
 .text.libgcc.prologue
                0x00000000        0x0 /usr/lib/gcc/avr/13.2.0/avr5/libgcc.a(_mulsi3.o)
 .text.libgcc.builtins
                0x00000000        0x0 /usr/lib/gcc/avr/13.2.0/avr5/libgcc.a(_mulsi3.o)
 .text.libgcc.fmul
                0x00000000        0x0 /usr/lib/gcc/avr/13.2.0/avr5/libgcc.a(_mulsi3.o)
 .text.libgcc.fixed
                0x00000000        0x0 /usr/lib/gcc/avr/13.2.0/avr5/libgcc.a(_mulsi3.o)
 .text          0x00000000        0x0 /usr/lib/gcc/avr/13.2.0/avr5/libgcc.a(_udivmodhi4.o)
 .data          0x00000000        0x0 /usr/lib/gcc/avr/13.2.0/avr5/libgcc.a(_udivmodhi4.o)
 .bss           0x00000000        0x0 /usr/lib/gcc/avr/13.2.0/avr5/libgcc.a(_udivmodhi4.o)
 .text.libgcc.mul
                0x00000000        0x0 /usr/lib/gcc/avr/13.2.0/avr5/libgcc.a(_udivmodhi4.o)
 .text.libgcc.div
                0x00000000       0x28 /usr/lib/gcc/avr/13.2.0/avr5/libgcc.a(_udivmodhi4.o)
 .text.libgcc   0x00000000        0x0 /usr/lib/gcc/avr/13.2.0/avr5/libgcc.a(_udivmodhi4.o)
 .text.libgcc.prologue
                0x00000000        0x0 /usr/lib/gcc/avr/13.2.0/avr5/libgcc.a(_udivmodhi4.o)
 .text.libgcc.builtins
                0x00000000        0x0 /usr/lib/gcc/avr/13.2.0/avr5/libgcc.a(_udivmodhi4.o)
 .text.libgcc.fmul
                0x00000000        0x0 /usr/lib/gcc/avr/13.2.0/avr5/libgcc.a(_udivmodhi4.o)
 .text.libgcc.fixed
                0x00000000        0x0 /usr/lib/gcc/avr/13.2.0/avr5/libgcc.a(_udivmodhi4.o)
 .text          0x00000000        0x0 /usr/lib/gcc/avr/13.2.0/avr5/libgcc.a(_udivmodsi4.o)
 .data          0x00000000        0x0 /usr/lib/gcc/avr/13.2.0/avr5/libgcc.a(_udivmodsi4.o)
 .bss           0x00000000        0x0 /usr/lib/gcc/avr/13.2.0/avr5/libgcc.a(_udivmodsi4.o)
 .text.libgcc.mul
                0x00000000        0x0 /usr/lib/gcc/avr/13.2.0/avr5/libgcc.a(_udivmodsi4.o)
 .text.libgcc   0x00000000        0x0 /usr/lib/gcc/avr/13.2.0/avr5/libgcc.a(_udivmodsi4.o)
 .text.libgcc.prologue
                0x00000000        0x0 /usr/lib/gcc/avr/13.2.0/avr5/libgcc.a(_udivmodsi4.o)
 .text.libgcc.builtins
                0x00000000        0x0 /usr/lib/gcc/avr/13.2.0/avr5/libgcc.a(_udivmodsi4.o)
 .text.libgcc.fmul
                0x00000000        0x0 /usr/lib/gcc/avr/13.2.0/avr5/libgcc.a(_udivmodsi4.o)
 .text.libgcc.fixed
                0x00000000        0x0 /usr/lib/gcc/avr/13.2.0/avr5/libgcc.a(_udivmodsi4.o)
 .text          0x00000000        0x0 /usr/lib/gcc/avr/13.2.0/avr5/libgcc.a(_divmodsi4.o)
 .data          0x00000000        0x0 /usr/lib/gcc/avr/13.2.0/avr5/libgcc.a(_divmodsi4.o)
 .bss           0x00000000        0x0 /usr/lib/gcc/avr/13.2.0/avr5/libgcc.a(_divmodsi4.o)
 .text.libgcc.mul
                0x00000000        0x0 /usr/lib/gcc/avr/13.2.0/avr5/libgcc.a(_divmodsi4.o)
 .text.libgcc.div
                0x00000000       0x2e /usr/lib/gcc/avr/13.2.0/avr5/libgcc.a(_divmodsi4.o)
 .text.libgcc   0x00000000        0x0 /usr/lib/gcc/avr/13.2.0/avr5/libgcc.a(_divmodsi4.o)
 .text.libgcc.prologue
                0x00000000        0x0 /usr/lib/gcc/avr/13.2.0/avr5/libgcc.a(_divmodsi4.o)
 .text.libgcc.builtins
                0x00000000        0x0 /usr/lib/gcc/avr/13.2.0/avr5/libgcc.a(_divmodsi4.o)
 .text.libgcc.fmul
                0x00000000        0x0 /usr/lib/gcc/avr/13.2.0/avr5/libgcc.a(_divmodsi4.o)
 .text.libgcc.fixed
                0x00000000        0x0 /usr/lib/gcc/avr/13.2.0/avr5/libgcc.a(_divmodsi4.o)
 .text          0x00000000        0x0 /usr/lib/gcc/avr/13.2.0/avr5/libgcc.a(_negsi2.o)
 .data          0x00000000        0x0 /usr/lib/gcc/avr/13.2.0/avr5/libgcc.a(_negsi2.o)
 .bss           0x00000000        0x0 /usr/lib/gcc/avr/13.2.0/avr5/libgcc.a(_negsi2.o)
 .text.libgcc.mul
                0x00000000        0x0 /usr/lib/gcc/avr/13.2.0/avr5/libgcc.a(_negsi2.o)
 .text.libgcc.div
                0x00000000       0x10 /usr/lib/gcc/avr/13.2.0/avr5/libgcc.a(_negsi2.o)
 .text.libgcc   0x00000000        0x0 /usr/lib/gcc/avr/13.2.0/avr5/libgcc.a(_negsi2.o)
 .text.libgcc.prologue
                0x00000000        0x0 /usr/lib/gcc/avr/13.2.0/avr5/libgcc.a(_negsi2.o)
 .text.libgcc.builtins
                0x00000000        0x0 /usr/lib/gcc/avr/13.2.0/avr5/libgcc.a(_negsi2.o)
 .text.libgcc.fmul
                0x00000000        0x0 /usr/lib/gcc/avr/13.2.0/avr5/libgcc.a(_negsi2.o)
 .text.libgcc.fixed
                0x00000000        0x0 /usr/lib/gcc/avr/13.2.0/avr5/libgcc.a(_negsi2.o)
 .text          0x00000000        0x0 /usr/lib/gcc/avr/13.2.0/avr5/libgcc.a(_exit.o)
 .data          0x00000000        0x0 /usr/lib/gcc/avr/13.2.0/avr5/libgcc.a(_exit.o)
 .bss           0x00000000        0x0 /usr/lib/gcc/avr/13.2.0/avr5/libgcc.a(_exit.o)
 .text.libgcc.mul
                0x00000000        0x0 /usr/lib/gcc/avr/13.2.0/avr5/libgcc.a(_exit.o)
 .text.libgcc.div
                0x00000000        0x0 /usr/lib/gcc/avr/13.2.0/avr5/libgcc.a(_exit.o)
 .text.libgcc   0x00000000        0x0 /usr/lib/gcc/avr/13.2.0/avr5/libgcc.a(_exit.o)
 .text.libgcc.prologue
                0x00000000        0x0 /usr/lib/gcc/avr/13.2.0/avr5/libgcc.a(_exit.o)
 .text.libgcc.builtins
                0x00000000        0x0 /usr/lib/gcc/avr/13.2.0/avr5/libgcc.a(_exit.o)
 .text.libgcc.fmul
                0x00000000        0x0 /usr/lib/gcc/avr/13.2.0/avr5/libgcc.a(_exit.o)
 .text.libgcc.fixed
                0x00000000        0x0 /usr/lib/gcc/avr/13.2.0/avr5/libgcc.a(_exit.o)
 .text          0x00000000        0x0 /usr/lib/gcc/avr/13.2.0/avr5/libgcc.a(_tablejump2.o)
 .data          0x00000000        0x0 /usr/lib/gcc/avr/13.2.0/avr5/libgcc.a(_tablejump2.o)
 .bss           0x00000000        0x0 /usr/lib/gcc/avr/13.2.0/avr5/libgcc.a(_tablejump2.o)
 .text.libgcc.mul
                0x00000000        0x0 /usr/lib/gcc/avr/13.2.0/avr5/libgcc.a(_tablejump2.o)
 .text.libgcc.div
                0x00000000        0x0 /usr/lib/gcc/avr/13.2.0/avr5/libgcc.a(_tablejump2.o)
 .text.libgcc.prologue
                0x00000000        0x0 /usr/lib/gcc/avr/13.2.0/avr5/libgcc.a(_tablejump2.o)
 .text.libgcc.builtins
                0x00000000        0x0 /usr/lib/gcc/avr/13.2.0/avr5/libgcc.a(_tablejump2.o)
 .text.libgcc.fmul
                0x00000000        0x0 /usr/lib/gcc/avr/13.2.0/avr5/libgcc.a(_tablejump2.o)
 .text.libgcc.fixed
                0x00000000        0x0 /usr/lib/gcc/avr/13.2.0/avr5/libgcc.a(_tablejump2.o)
 .text          0x00000000        0x0 /usr/lib/gcc/avr/13.2.0/avr5/libgcc.a(_copy_data.o)
 .data          0x00000000        0x0 /usr/lib/gcc/avr/13.2.0/avr5/libgcc.a(_copy_data.o)
 .bss           0x00000000        0x0 /usr/lib/gcc/avr/13.2.0/avr5/libgcc.a(_copy_data.o)
 .text.libgcc.mul
                0x00000000        0x0 /usr/lib/gcc/avr/13.2.0/avr5/libgcc.a(_copy_data.o)
 .text.libgcc.div
                0x00000000        0x0 /usr/lib/gcc/avr/13.2.0/avr5/libgcc.a(_copy_data.o)
 .text.libgcc   0x00000000        0x0 /usr/lib/gcc/avr/13.2.0/avr5/libgcc.a(_copy_data.o)
 .text.libgcc.prologue
                0x00000000        0x0 /usr/lib/gcc/avr/13.2.0/avr5/libgcc.a(_copy_data.o)
 .text.libgcc.builtins
                0x00000000        0x0 /usr/lib/gcc/avr/13.2.0/avr5/libgcc.a(_copy_data.o)
 .text.libgcc.fmul
                0x00000000        0x0 /usr/lib/gcc/avr/13.2.0/avr5/libgcc.a(_copy_data.o)
 .text.libgcc.fixed
                0x00000000        0x0 /usr/lib/gcc/avr/13.2.0/avr5/libgcc.a(_copy_data.o)
 .text          0x00000000        0x0 /usr/lib/gcc/avr/13.2.0/avr5/libgcc.a(_clear_bss.o)
 .data          0x00000000        0x0 /usr/lib/gcc/avr/13.2.0/avr5/libgcc.a(_clear_bss.o)
 .bss           0x00000000        0x0 /usr/lib/gcc/avr/13.2.0/avr5/libgcc.a(_clear_bss.o)
 .text.libgcc.mul
                0x00000000        0x0 /usr/lib/gcc/avr/13.2.0/avr5/libgcc.a(_clear_bss.o)
 .text.libgcc.div
                0x00000000        0x0 /usr/lib/gcc/avr/13.2.0/avr5/libgcc.a(_clear_bss.o)
 .text.libgcc   0x00000000        0x0 /usr/lib/gcc/avr/13.2.0/avr5/libgcc.a(_clear_bss.o)
 .text.libgcc.prologue
                0x00000000        0x0 /usr/lib/gcc/avr/13.2.0/avr5/libgcc.a(_clear_bss.o)
 .text.libgcc.builtins
                0x00000000        0x0 /usr/lib/gcc/avr/13.2.0/avr5/libgcc.a(_clear_bss.o)
 .text.libgcc.fmul
                0x00000000        0x0 /usr/lib/gcc/avr/13.2.0/avr5/libgcc.a(_clear_bss.o)
 .text.libgcc.fixed
                0x00000000        0x0 /usr/lib/gcc/avr/13.2.0/avr5/libgcc.a(_clear_bss.o)
 .text          0x00000000        0x0 /usr/lib/gcc/avr/13.2.0/avr5/libgcc.a(_muluhisi3.o)
 .data          0x00000000        0x0 /usr/lib/gcc/avr/13.2.0/avr5/libgcc.a(_muluhisi3.o)
 .bss           0x00000000        0x0 /usr/lib/gcc/avr/13.2.0/avr5/libgcc.a(_muluhisi3.o)
 .text.libgcc.mul
                0x00000000       0x16 /usr/lib/gcc/avr/13.2.0/avr5/libgcc.a(_muluhisi3.o)
 .text.libgcc.div
                0x00000000        0x0 /usr/lib/gcc/avr/13.2.0/avr5/libgcc.a(_muluhisi3.o)
 .text.libgcc   0x00000000        0x0 /usr/lib/gcc/avr/13.2.0/avr5/libgcc.a(_muluhisi3.o)
 .text.libgcc.prologue
                0x00000000        0x0 /usr/lib/gcc/avr/13.2.0/avr5/libgcc.a(_muluhisi3.o)
 .text.libgcc.builtins
                0x00000000        0x0 /usr/lib/gcc/avr/13.2.0/avr5/libgcc.a(_muluhisi3.o)
 .text.libgcc.fmul
                0x00000000        0x0 /usr/lib/gcc/avr/13.2.0/avr5/libgcc.a(_muluhisi3.o)
 .text.libgcc.fixed
                0x00000000        0x0 /usr/lib/gcc/avr/13.2.0/avr5/libgcc.a(_muluhisi3.o)
 .text          0x00000000        0x0 /usr/lib/gcc/avr/13.2.0/avr5/libgcc.a(_prologue.o)
 .data          0x00000000        0x0 /usr/lib/gcc/avr/13.2.0/avr5/libgcc.a(_prologue.o)
 .bss           0x00000000        0x0 /usr/lib/gcc/avr/13.2.0/avr5/libgcc.a(_prologue.o)
 .text.libgcc.mul
                0x00000000        0x0 /usr/lib/gcc/avr/13.2.0/avr5/libgcc.a(_prologue.o)
 .text.libgcc.div
                0x00000000        0x0 /usr/lib/gcc/avr/13.2.0/avr5/libgcc.a(_prologue.o)
 .text.libgcc   0x00000000        0x0 /usr/lib/gcc/avr/13.2.0/avr5/libgcc.a(_prologue.o)
 .text.libgcc.builtins
                0x00000000        0x0 /usr/lib/gcc/avr/13.2.0/avr5/libgcc.a(_prologue.o)
 .text.libgcc.fmul
                0x00000000        0x0 /usr/lib/gcc/avr/13.2.0/avr5/libgcc.a(_prologue.o)
 .text.libgcc.fixed
                0x00000000        0x0 /usr/lib/gcc/avr/13.2.0/avr5/libgcc.a(_prologue.o)
 .text          0x00000000        0x0 /usr/lib/gcc/avr/13.2.0/avr5/libgcc.a(_epilogue.o)
 .data          0x00000000        0x0 /usr/lib/gcc/avr/13.2.0/avr5/libgcc.a(_epilogue.o)
 .bss           0x00000000        0x0 /usr/lib/gcc/avr/13.2.0/avr5/libgcc.a(_epilogue.o)
 .text.libgcc.mul
                0x00000000        0x0 /usr/lib/gcc/avr/13.2.0/avr5/libgcc.a(_epilogue.o)
 .text.libgcc.div
                0x00000000        0x0 /usr/lib/gcc/avr/13.2.0/avr5/libgcc.a(_epilogue.o)
 .text.libgcc   0x00000000        0x0 /usr/lib/gcc/avr/13.2.0/avr5/libgcc.a(_epilogue.o)
 .text.libgcc.builtins
                0x00000000        0x0 /usr/lib/gcc/avr/13.2.0/avr5/libgcc.a(_epilogue.o)
 .text.libgcc.fmul
                0x00000000        0x0 /usr/lib/gcc/avr/13.2.0/avr5/libgcc.a(_epilogue.o)
 .text.libgcc.fixed
                0x00000000        0x0 /usr/lib/gcc/avr/13.2.0/avr5/libgcc.a(_epilogue.o)
 .text          0x00000000        0x0 /usr/lib/gcc/avr/13.2.0/avr5/libgcc.a(_umulhisi3.o)
 .data          0x00000000        0x0 /usr/lib/gcc/avr/13.2.0/avr5/libgcc.a(_umulhisi3.o)
 .bss           0x00000000        0x0 /usr/lib/gcc/avr/13.2.0/avr5/libgcc.a(_umulhisi3.o)
 .text.libgcc.mul
                0x00000000       0x1e /usr/lib/gcc/avr/13.2.0/avr5/libgcc.a(_umulhisi3.o)
 .text.libgcc.div
                0x00000000        0x0 /usr/lib/gcc/avr/13.2.0/avr5/libgcc.a(_umulhisi3.o)
 .text.libgcc   0x00000000        0x0 /usr/lib/gcc/avr/13.2.0/avr5/libgcc.a(_umulhisi3.o)
 .text.libgcc.prologue
                0x00000000        0x0 /usr/lib/gcc/avr/13.2.0/avr5/libgcc.a(_umulhisi3.o)
 .text.libgcc.builtins
                0x00000000        0x0 /usr/lib/gcc/avr/13.2.0/avr5/libgcc.a(_umulhisi3.o)
 .text.libgcc.fmul
                0x00000000        0x0 /usr/lib/gcc/avr/13.2.0/avr5/libgcc.a(_umulhisi3.o)
 .text.libgcc.fixed
                0x00000000        0x0 /usr/lib/gcc/avr/13.2.0/avr5/libgcc.a(_umulhisi3.o)
 .text          0x00000000        0x0 /usr/lib/gcc/avr/13.2.0/../../../../avr/lib/avr5/libm.a(addsf3.o)
 .data          0x00000000        0x0 /usr/lib/gcc/avr/13.2.0/../../../../avr/lib/avr5/libm.a(addsf3.o)
 .bss           0x00000000        0x0 /usr/lib/gcc/avr/13.2.0/../../../../avr/lib/avr5/libm.a(addsf3.o)
 .text          0x00000000        0x0 /usr/lib/gcc/avr/13.2.0/../../../../avr/lib/avr5/libm.a(addsf3x.o)
 .data          0x00000000        0x0 /usr/lib/gcc/avr/13.2.0/../../../../avr/lib/avr5/libm.a(addsf3x.o)
 .bss           0x00000000        0x0 /usr/lib/gcc/avr/13.2.0/../../../../avr/lib/avr5/libm.a(addsf3x.o)
 .text          0x00000000        0x0 /usr/lib/gcc/avr/13.2.0/../../../../avr/lib/avr5/libm.a(fixunssfsi.o)
 .data          0x00000000        0x0 /usr/lib/gcc/avr/13.2.0/../../../../avr/lib/avr5/libm.a(fixunssfsi.o)
 .bss           0x00000000        0x0 /usr/lib/gcc/avr/13.2.0/../../../../avr/lib/avr5/libm.a(fixunssfsi.o)
 .text          0x00000000        0x0 /usr/lib/gcc/avr/13.2.0/../../../../avr/lib/avr5/libm.a(floatsisf.o)
 .data          0x00000000        0x0 /usr/lib/gcc/avr/13.2.0/../../../../avr/lib/avr5/libm.a(floatsisf.o)
 .bss           0x00000000        0x0 /usr/lib/gcc/avr/13.2.0/../../../../avr/lib/avr5/libm.a(floatsisf.o)
 .text          0x00000000        0x0 /usr/lib/gcc/avr/13.2.0/../../../../avr/lib/avr5/libm.a(fp_inf.o)
 .data          0x00000000        0x0 /usr/lib/gcc/avr/13.2.0/../../../../avr/lib/avr5/libm.a(fp_inf.o)
 .bss           0x00000000        0x0 /usr/lib/gcc/avr/13.2.0/../../../../avr/lib/avr5/libm.a(fp_inf.o)
 .text          0x00000000        0x0 /usr/lib/gcc/avr/13.2.0/../../../../avr/lib/avr5/libm.a(fp_nan.o)
 .data          0x00000000        0x0 /usr/lib/gcc/avr/13.2.0/../../../../avr/lib/avr5/libm.a(fp_nan.o)
 .bss           0x00000000        0x0 /usr/lib/gcc/avr/13.2.0/../../../../avr/lib/avr5/libm.a(fp_nan.o)
 .text          0x00000000        0x0 /usr/lib/gcc/avr/13.2.0/../../../../avr/lib/avr5/libm.a(fp_pscA.o)
 .data          0x00000000        0x0 /usr/lib/gcc/avr/13.2.0/../../../../avr/lib/avr5/libm.a(fp_pscA.o)
 .bss           0x00000000        0x0 /usr/lib/gcc/avr/13.2.0/../../../../avr/lib/avr5/libm.a(fp_pscA.o)
 .text          0x00000000        0x0 /usr/lib/gcc/avr/13.2.0/../../../../avr/lib/avr5/libm.a(fp_pscB.o)
 .data          0x00000000        0x0 /usr/lib/gcc/avr/13.2.0/../../../../avr/lib/avr5/libm.a(fp_pscB.o)
 .bss           0x00000000        0x0 /usr/lib/gcc/avr/13.2.0/../../../../avr/lib/avr5/libm.a(fp_pscB.o)
 .text          0x00000000        0x0 /usr/lib/gcc/avr/13.2.0/../../../../avr/lib/avr5/libm.a(fp_round.o)
 .data          0x00000000        0x0 /usr/lib/gcc/avr/13.2.0/../../../../avr/lib/avr5/libm.a(fp_round.o)
 .bss           0x00000000        0x0 /usr/lib/gcc/avr/13.2.0/../../../../avr/lib/avr5/libm.a(fp_round.o)
 .text          0x00000000        0x0 /usr/lib/gcc/avr/13.2.0/../../../../avr/lib/avr5/libm.a(fp_split3.o)
 .data          0x00000000        0x0 /usr/lib/gcc/avr/13.2.0/../../../../avr/lib/avr5/libm.a(fp_split3.o)
 .bss           0x00000000        0x0 /usr/lib/gcc/avr/13.2.0/../../../../avr/lib/avr5/libm.a(fp_split3.o)
 .text          0x00000000        0x0 /usr/lib/gcc/avr/13.2.0/../../../../avr/lib/avr5/libm.a(fp_zero.o)
 .data          0x00000000        0x0 /usr/lib/gcc/avr/13.2.0/../../../../avr/lib/avr5/libm.a(fp_zero.o)
 .bss           0x00000000        0x0 /usr/lib/gcc/avr/13.2.0/../../../../avr/lib/avr5/libm.a(fp_zero.o)
 .text          0x00000000        0x0 /usr/lib/gcc/avr/13.2.0/../../../../avr/lib/avr5/libm.a(mulsf3.o)
 .data          0x00000000        0x0 /usr/lib/gcc/avr/13.2.0/../../../../avr/lib/avr5/libm.a(mulsf3.o)
 .bss           0x00000000        0x0 /usr/lib/gcc/avr/13.2.0/../../../../avr/lib/avr5/libm.a(mulsf3.o)
 .text          0x00000000        0x0 /usr/lib/gcc/avr/13.2.0/../../../../avr/lib/avr5/libm.a(mulsf3x.o)
 .data          0x00000000        0x0 /usr/lib/gcc/avr/13.2.0/../../../../avr/lib/avr5/libm.a(mulsf3x.o)
 .bss           0x00000000        0x0 /usr/lib/gcc/avr/13.2.0/../../../../avr/lib/avr5/libm.a(mulsf3x.o)
 .text          0x00000000        0x0 /usr/lib/gcc/avr/13.2.0/../../../../avr/lib/avr5/libc.a(malloc.o)
 .text          0x00000000        0x0 /usr/lib/gcc/avr/13.2.0/../../../../avr/lib/avr5/libc.a(rand.o)
 .data          0x00000000        0x4 /usr/lib/gcc/avr/13.2.0/../../../../avr/lib/avr5/libc.a(rand.o)
 .bss           0x00000000        0x0 /usr/lib/gcc/avr/13.2.0/../../../../avr/lib/avr5/libc.a(rand.o)
 .text.avr-libc
                0x00000000       0xb8 /usr/lib/gcc/avr/13.2.0/../../../../avr/lib/avr5/libc.a(rand.o)
 .comment       0x00000000       0x13 /usr/lib/gcc/avr/13.2.0/../../../../avr/lib/avr5/libc.a(rand.o)
 .text          0x00000000        0x0 /usr/lib/gcc/avr/13.2.0/../../../../avr/lib/avr5/libc.a(ftoa_engine.o)
 .data          0x00000000        0x0 /usr/lib/gcc/avr/13.2.0/../../../../avr/lib/avr5/libc.a(ftoa_engine.o)
 .bss           0x00000000        0x0 /usr/lib/gcc/avr/13.2.0/../../../../avr/lib/avr5/libc.a(ftoa_engine.o)
 .text          0x00000000        0x0 /usr/lib/gcc/avr/13.2.0/../../../../avr/lib/avr5/libc.a(strnlen_P.o)
 .data          0x00000000        0x0 /usr/lib/gcc/avr/13.2.0/../../../../avr/lib/avr5/libc.a(strnlen_P.o)
 .bss           0x00000000        0x0 /usr/lib/gcc/avr/13.2.0/../../../../avr/lib/avr5/libc.a(strnlen_P.o)
 .text          0x00000000        0x0 /usr/lib/gcc/avr/13.2.0/../../../../avr/lib/avr5/libc.a(strnlen.o)
 .data          0x00000000        0x0 /usr/lib/gcc/avr/13.2.0/../../../../avr/lib/avr5/libc.a(strnlen.o)
 .bss           0x00000000        0x0 /usr/lib/gcc/avr/13.2.0/../../../../avr/lib/avr5/libc.a(strnlen.o)
 .text          0x00000000        0x0 /usr/lib/gcc/avr/13.2.0/../../../../avr/lib/avr5/libc.a(fgetc.o)
 .data          0x00000000        0x0 /usr/lib/gcc/avr/13.2.0/../../../../avr/lib/avr5/libc.a(fgetc.o)
 .bss           0x00000000        0x0 /usr/lib/gcc/avr/13.2.0/../../../../avr/lib/avr5/libc.a(fgetc.o)
 .text.avr-libc
                0x00000000       0x7e /usr/lib/gcc/avr/13.2.0/../../../../avr/lib/avr5/libc.a(fgetc.o)
 .comment       0x00000000       0x13 /usr/lib/gcc/avr/13.2.0/../../../../avr/lib/avr5/libc.a(fgetc.o)
 .text          0x00000000        0x0 /usr/lib/gcc/avr/13.2.0/../../../../avr/lib/avr5/libc.a(fputc.o)
 .data          0x00000000        0x0 /usr/lib/gcc/avr/13.2.0/../../../../avr/lib/avr5/libc.a(fputc.o)
 .bss           0x00000000        0x0 /usr/lib/gcc/avr/13.2.0/../../../../avr/lib/avr5/libc.a(fputc.o)
 .text          0x00000000        0x0 /usr/lib/gcc/avr/13.2.0/../../../../avr/lib/avr5/libc.a(iob.o)
 .data          0x00000000        0x0 /usr/lib/gcc/avr/13.2.0/../../../../avr/lib/avr5/libc.a(iob.o)
 .text          0x00000000        0x0 /usr/lib/gcc/avr/13.2.0/../../../../avr/lib/avr5/libc.a(printf.o)
 .data          0x00000000        0x0 /usr/lib/gcc/avr/13.2.0/../../../../avr/lib/avr5/libc.a(printf.o)
 .bss           0x00000000        0x0 /usr/lib/gcc/avr/13.2.0/../../../../avr/lib/avr5/libc.a(printf.o)
 .text          0x00000000        0x0 /usr/lib/gcc/avr/13.2.0/../../../../avr/lib/avr5/libc.a(puts.o)
 .data          0x00000000        0x0 /usr/lib/gcc/avr/13.2.0/../../../../avr/lib/avr5/libc.a(puts.o)
 .bss           0x00000000        0x0 /usr/lib/gcc/avr/13.2.0/../../../../avr/lib/avr5/libc.a(puts.o)
 .text          0x00000000        0x0 /usr/lib/gcc/avr/13.2.0/../../../../avr/lib/avr5/libc.a(scanf.o)
 .data          0x00000000        0x0 /usr/lib/gcc/avr/13.2.0/../../../../avr/lib/avr5/libc.a(scanf.o)
 .bss           0x00000000        0x0 /usr/lib/gcc/avr/13.2.0/../../../../avr/lib/avr5/libc.a(scanf.o)
 .text.avr-libc
                0x00000000       0x2c /usr/lib/gcc/avr/13.2.0/../../../../avr/lib/avr5/libc.a(scanf.o)
 .comment       0x00000000       0x13 /usr/lib/gcc/avr/13.2.0/../../../../avr/lib/avr5/libc.a(scanf.o)
 .text          0x00000000        0x0 /usr/lib/gcc/avr/13.2.0/../../../../avr/lib/avr5/libc.a(ultoa_invert.o)
 .data          0x00000000        0x0 /usr/lib/gcc/avr/13.2.0/../../../../avr/lib/avr5/libc.a(ultoa_invert.o)
 .bss           0x00000000        0x0 /usr/lib/gcc/avr/13.2.0/../../../../avr/lib/avr5/libc.a(ultoa_invert.o)
 .text          0x00000000        0x0 /usr/lib/gcc/avr/13.2.0/../../../../avr/lib/avr5/libc.a(vfscanf_std.o)
 .data          0x00000000        0x0 /usr/lib/gcc/avr/13.2.0/../../../../avr/lib/avr5/libc.a(vfscanf_std.o)
 .bss           0x00000000        0x0 /usr/lib/gcc/avr/13.2.0/../../../../avr/lib/avr5/libc.a(vfscanf_std.o)
 .text.avr-libc
                0x00000000      0x502 /usr/lib/gcc/avr/13.2.0/../../../../avr/lib/avr5/libc.a(vfscanf_std.o)
 .progmem.data  0x00000000        0xc /usr/lib/gcc/avr/13.2.0/../../../../avr/lib/avr5/libc.a(vfscanf_std.o)
 .comment       0x00000000       0x13 /usr/lib/gcc/avr/13.2.0/../../../../avr/lib/avr5/libc.a(vfscanf_std.o)
 .text          0x00000000        0x0 /usr/lib/gcc/avr/13.2.0/../../../../avr/lib/avr5/libc.a(isspace.o)
 .data          0x00000000        0x0 /usr/lib/gcc/avr/13.2.0/../../../../avr/lib/avr5/libc.a(isspace.o)
 .bss           0x00000000        0x0 /usr/lib/gcc/avr/13.2.0/../../../../avr/lib/avr5/libc.a(isspace.o)
 .text.avr-libc
                0x00000000       0x12 /usr/lib/gcc/avr/13.2.0/../../../../avr/lib/avr5/libc.a(isspace.o)
 .text          0x00000000        0x0 /usr/lib/gcc/avr/13.2.0/../../../../avr/lib/avr5/libc.a(strchr_P.o)
 .data          0x00000000        0x0 /usr/lib/gcc/avr/13.2.0/../../../../avr/lib/avr5/libc.a(strchr_P.o)
 .bss           0x00000000        0x0 /usr/lib/gcc/avr/13.2.0/../../../../avr/lib/avr5/libc.a(strchr_P.o)
 .text.avr-libc
                0x00000000       0x16 /usr/lib/gcc/avr/13.2.0/../../../../avr/lib/avr5/libc.a(strchr_P.o)
 .text          0x00000000        0x0 /usr/lib/gcc/avr/13.2.0/../../../../avr/lib/avr5/libc.a(ungetc.o)
 .data          0x00000000        0x0 /usr/lib/gcc/avr/13.2.0/../../../../avr/lib/avr5/libc.a(ungetc.o)
 .bss           0x00000000        0x0 /usr/lib/gcc/avr/13.2.0/../../../../avr/lib/avr5/libc.a(ungetc.o)
 .text.avr-libc
                0x00000000       0x30 /usr/lib/gcc/avr/13.2.0/../../../../avr/lib/avr5/libc.a(ungetc.o)
 .comment       0x00000000       0x13 /usr/lib/gcc/avr/13.2.0/../../../../avr/lib/avr5/libc.a(ungetc.o)
 .text          0x00000000        0x0 /usr/lib/gcc/avr/13.2.0/../../../../avr/lib/avr5/libc.a(cty_isfalse.o)
 .data          0x00000000        0x0 /usr/lib/gcc/avr/13.2.0/../../../../avr/lib/avr5/libc.a(cty_isfalse.o)
 .bss           0x00000000        0x0 /usr/lib/gcc/avr/13.2.0/../../../../avr/lib/avr5/libc.a(cty_isfalse.o)
 .text.avr-libc
                0x00000000        0x6 /usr/lib/gcc/avr/13.2.0/../../../../avr/lib/avr5/libc.a(cty_isfalse.o)
 .text          0x00000000        0x0 /usr/lib/gcc/avr/13.2.0/avr5/libgcc.a(_mulshisi3.o)
 .data          0x00000000        0x0 /usr/lib/gcc/avr/13.2.0/avr5/libgcc.a(_mulshisi3.o)
 .bss           0x00000000        0x0 /usr/lib/gcc/avr/13.2.0/avr5/libgcc.a(_mulshisi3.o)
 .text.libgcc.mul
                0x00000000       0x10 /usr/lib/gcc/avr/13.2.0/avr5/libgcc.a(_mulshisi3.o)
 .text.libgcc.div
                0x00000000        0x0 /usr/lib/gcc/avr/13.2.0/avr5/libgcc.a(_mulshisi3.o)
 .text.libgcc   0x00000000        0x0 /usr/lib/gcc/avr/13.2.0/avr5/libgcc.a(_mulshisi3.o)
 .text.libgcc.prologue
                0x00000000        0x0 /usr/lib/gcc/avr/13.2.0/avr5/libgcc.a(_mulshisi3.o)
 .text.libgcc.builtins
                0x00000000        0x0 /usr/lib/gcc/avr/13.2.0/avr5/libgcc.a(_mulshisi3.o)
 .text.libgcc.fmul
                0x00000000        0x0 /usr/lib/gcc/avr/13.2.0/avr5/libgcc.a(_mulshisi3.o)
 .text.libgcc.fixed
                0x00000000        0x0 /usr/lib/gcc/avr/13.2.0/avr5/libgcc.a(_mulshisi3.o)

Memory Configuration

Name             Origin             Length             Attributes
text             0x00000000         0x00020000         xr
data             0x00800060         0x0000ffa0         rw!x
eeprom           0x00810000         0x00010000         rw!x
fuse             0x00820000         0x00000003         rw!x
lock             0x00830000         0x00000400         rw!x
signature        0x00840000         0x00000400         rw!x
user_signatures  0x00850000         0x00000400         rw!x
*default*        0x00000000         0xffffffff

Linker script and memory map

Address of section .data set to 0x800100
LOAD /usr/lib/gcc/avr/13.2.0/../../../../avr/lib/avr5/crtatmega328p.o
LOAD /usr/lib/gcc/avr/13.2.0/../../../../avr/lib/avr5/libprintf_flt.a
LOAD /usr/lib/gcc/avr/13.2.0/../../../../avr/lib/avr5/libm.a
LOAD main.o
LOAD lib/arduino/analogRead.o
LOAD lib/arduino/analogWrite.o
LOAD lib/arduino/button.o
LOAD lib/arduino/delay.o
LOAD lib/arduino/digitalRead.o
LOAD lib/arduino/digitalWrite.o
LOAD lib/arduino/map.o
LOAD lib/arduino/pinMode.o
LOAD lib/arduino/readLine.o
LOAD lib/arduino/serialRead.o
LOAD lib/arduino/servo.o
LOAD lib/arduino/sysclock.o
LOAD lib/arduino/tinymt32.o
LOAD lib/arduino/tone.o
LOAD lib/arduino/uart.o
LOAD lib/arduino/unolib.o
LOAD lib/i2c/i2c.o
LOAD lib/ssd1306/SSD1306.o
LOAD include/Encoder.o
START GROUP
LOAD /usr/lib/gcc/avr/13.2.0/avr5/libgcc.a
LOAD /usr/lib/gcc/avr/13.2.0/../../../../avr/lib/avr5/libm.a
LOAD /usr/lib/gcc/avr/13.2.0/../../../../avr/lib/avr5/libc.a
LOAD /usr/lib/gcc/avr/13.2.0/../../../../avr/lib/avr5/libatmega328p.a
END GROUP
                0x00020000                        __TEXT_REGION_LENGTH__ = DEFINED (__TEXT_REGION_LENGTH__)?__TEXT_REGION_LENGTH__:0x20000
                0x00800060                        __DATA_REGION_ORIGIN__ = DEFINED (__DATA_REGION_ORIGIN__)?__DATA_REGION_ORIGIN__:0x800060
                0x0000ffa0                        __DATA_REGION_LENGTH__ = DEFINED (__DATA_REGION_LENGTH__)?__DATA_REGION_LENGTH__:0xffa0
                0x00010000                        __EEPROM_REGION_LENGTH__ = DEFINED (__EEPROM_REGION_LENGTH__)?__EEPROM_REGION_LENGTH__:0x10000
                [0x00000003]                      __FUSE_REGION_LENGTH__ = DEFINED (__FUSE_REGION_LENGTH__)?__FUSE_REGION_LENGTH__:0x400
                0x00000400                        __LOCK_REGION_LENGTH__ = DEFINED (__LOCK_REGION_LENGTH__)?__LOCK_REGION_LENGTH__:0x400
                0x00000400                        __SIGNATURE_REGION_LENGTH__ = DEFINED (__SIGNATURE_REGION_LENGTH__)?__SIGNATURE_REGION_LENGTH__:0x400
                0x00000400                        __USER_SIGNATURE_REGION_LENGTH__ = DEFINED (__USER_SIGNATURE_REGION_LENGTH__)?__USER_SIGNATURE_REGION_LENGTH__:0x400

.hash
 *(.hash)

.dynsym
 *(.dynsym)

.dynstr
 *(.dynstr)

.gnu.version
 *(.gnu.version)

.gnu.version_d
 *(.gnu.version_d)

.gnu.version_r
 *(.gnu.version_r)

.rel.init
 *(.rel.init)

.rela.init
 *(.rela.init)

.rel.text
 *(.rel.text)
 *(.rel.text.*)
 *(.rel.gnu.linkonce.t*)

.rela.text
 *(.rela.text)
 *(.rela.text.*)
 *(.rela.gnu.linkonce.t*)

.rel.fini
 *(.rel.fini)

.rela.fini
 *(.rela.fini)

.rel.rodata
 *(.rel.rodata)
 *(.rel.rodata.*)
 *(.rel.gnu.linkonce.r*)

.rela.rodata
 *(.rela.rodata)
 *(.rela.rodata.*)
 *(.rela.gnu.linkonce.r*)

.rel.data
 *(.rel.data)
 *(.rel.data.*)
 *(.rel.gnu.linkonce.d*)

.rela.data
 *(.rela.data)
 *(.rela.data.*)
 *(.rela.gnu.linkonce.d*)

.rel.ctors
 *(.rel.ctors)

.rela.ctors
 *(.rela.ctors)

.rel.dtors
 *(.rel.dtors)

.rela.dtors
 *(.rela.dtors)

.rel.got
 *(.rel.got)

.rela.got
 *(.rela.got)

.rel.bss
 *(.rel.bss)

.rela.bss
 *(.rela.bss)

.rel.plt
 *(.rel.plt)

.rela.plt
 *(.rela.plt)

.text           0x00000000     0x2a38
 *(.vectors)
 .vectors       0x00000000       0x68 /usr/lib/gcc/avr/13.2.0/../../../../avr/lib/avr5/crtatmega328p.o
                0x00000000                __vectors
                0x00000000                __vector_default
 *(.vectors)
 *(.progmem.gcc*)
                0x00000068                        . = ALIGN (0x2)
                0x00000068                        __trampolines_start = .
 *(.trampolines)
 .trampolines   0x00000068        0x0 linker stubs
 *(.trampolines*)
                0x00000068                        __trampolines_end = .
 *libprintf_flt.a:*(.progmem.data)
 .progmem.data  0x00000068        0x8 /usr/lib/gcc/avr/13.2.0/../../../../avr/lib/avr5/libprintf_flt.a(vfprintf_flt.o)
 *libc.a:*(.progmem.data)
 .progmem.data  0x00000070       0xfa /usr/lib/gcc/avr/13.2.0/../../../../avr/lib/avr5/libc.a(ftoa_engine.o)
 *(.progmem.*)
                0x0000016a                        . = ALIGN (0x2)
 *(.lowtext)
 *(.lowtext*)
                0x0000016a                        __ctors_start = .
 *(.ctors)
                0x0000016a                        __ctors_end = .
                0x0000016a                        __dtors_start = .
 *(.dtors)
                0x0000016a                        __dtors_end = .
 SORT_BY_NAME(*)(.ctors)
 SORT_BY_NAME(*)(.dtors)
 *(.init0)
 .init0         0x0000016a        0x0 /usr/lib/gcc/avr/13.2.0/../../../../avr/lib/avr5/crtatmega328p.o
                0x0000016a                __init
 *(.init0)
 *(.init1)
 *(.init1)
 *(.init2)
 .init2         0x0000016a        0xc /usr/lib/gcc/avr/13.2.0/../../../../avr/lib/avr5/crtatmega328p.o
 *(.init2)
 *(.init3)
 .init3         0x00000176       0x18 lib/arduino/unolib.o
                0x00000176                wdt_init
 *(.init3)
 *(.init4)
 .init4         0x0000018e       0x16 /usr/lib/gcc/avr/13.2.0/avr5/libgcc.a(_copy_data.o)
                0x0000018e                __do_copy_data
 .init4         0x000001a4       0x10 /usr/lib/gcc/avr/13.2.0/avr5/libgcc.a(_clear_bss.o)
                0x000001a4                __do_clear_bss
 *(.init4)
 *(.init5)
 *(.init5)
 *(.init6)
 *(.init6)
 *(.init7)
 *(.init7)
 *(.init8)
 *(.init8)
 *(.init9)
 .init9         0x000001b4        0x8 /usr/lib/gcc/avr/13.2.0/../../../../avr/lib/avr5/crtatmega328p.o
 *(.init9)
 *(.text)
 .text          0x000001bc        0x4 /usr/lib/gcc/avr/13.2.0/../../../../avr/lib/avr5/crtatmega328p.o
                0x000001bc                __vector_22
                0x000001bc                __vector_1
                0x000001bc                __vector_24
                0x000001bc                __vector_12
                0x000001bc                __bad_interrupt
                0x000001bc                __vector_6
                0x000001bc                __vector_3
                0x000001bc                __vector_23
                0x000001bc                __vector_25
                0x000001bc                __vector_11
                0x000001bc                __vector_17
                0x000001bc                __vector_19
                0x000001bc                __vector_5
                0x000001bc                __vector_4
                0x000001bc                __vector_9
                0x000001bc                __vector_2
                0x000001bc                __vector_21
                0x000001bc                __vector_15
                0x000001bc                __vector_8
                0x000001bc                __vector_18
                0x000001bc                __vector_20
                0x000001c0                        . = ALIGN (0x2)
 *(.text.*)
 .text.avr-libc
                0x000001c0      0x6f0 /usr/lib/gcc/avr/13.2.0/../../../../avr/lib/avr5/libprintf_flt.a(vfprintf_flt.o)
                0x000001c0                vfprintf
 .text.print_effect
                0x000008b0       0x96 main.o
                0x000008b0                print_effect
 .text.main     0x00000946      0x21e main.o
                0x00000946                main
 .text.__vector_10
                0x00000b64      0x14e main.o
                0x00000b64                __vector_10
 .text.read_button
                0x00000cb2       0x40 lib/arduino/button.o
                0x00000cb2                read_button
 .text.is_button_pressed
                0x00000cf2       0x4c lib/arduino/button.o
                0x00000cf2                is_button_pressed
 .text.digitalRead
                0x00000d3e       0x5c lib/arduino/digitalRead.o
                0x00000d3e                digitalRead
 .text.pinMode  0x00000d9a       0xea lib/arduino/pinMode.o
                0x00000d9a                pinMode
 .text.__vector_16
                0x00000e84       0x48 lib/arduino/sysclock.o
                0x00000e84                __vector_16
 .text.__vector_14
                0x00000ecc      0x2a2 lib/arduino/sysclock.o
                0x00000ecc                __vector_14
 .text.__vector_13
                0x0000116e       0x2e lib/arduino/sysclock.o
                0x0000116e                __vector_13
 .text.__vector_7
                0x0000119c       0xac lib/arduino/sysclock.o
                0x0000119c                __vector_7
 .text.init_sysclock_2
                0x00001248       0x28 lib/arduino/sysclock.o
                0x00001248                init_sysclock_2
 .text.millis   0x00001270       0x18 lib/arduino/sysclock.o
                0x00001270                millis
 .text.uart_putchar
                0x00001288       0x24 lib/arduino/uart.o
                0x00001288                uart_putchar
 .text.uart_getchar
                0x000012ac       0x10 lib/arduino/uart.o
                0x000012ac                uart_getchar
 .text.uart_init
                0x000012bc       0x22 lib/arduino/uart.o
                0x000012bc                uart_init
 .text.init_serial
                0x000012de       0x1a lib/arduino/uart.o
                0x000012de                init_serial
 .text.i2c_init
                0x000012f8       0x12 lib/i2c/i2c.o
                0x000012f8                i2c_init
 .text.i2c_tx_start
                0x0000130a       0x30 lib/i2c/i2c.o
                0x0000130a                i2c_tx_start
 .text.i2c_tx_address
                0x0000133a       0x5e lib/i2c/i2c.o
                0x0000133a                i2c_tx_address
 .text.i2c_tx_byte
                0x00001398       0x38 lib/i2c/i2c.o
                0x00001398                i2c_tx_byte
 .text.i2c_tx_stop
                0x000013d0       0x14 lib/i2c/i2c.o
                0x000013d0                i2c_tx_stop
 .text.oledSendStart
                0x000013e4       0x14 lib/ssd1306/SSD1306.o
                0x000013e4                oledSendStart
 .text.oledSendStop
                0x000013f8        0x6 lib/ssd1306/SSD1306.o
                0x000013f8                oledSendStop
 .text.oledSendByte
                0x000013fe        0x6 lib/ssd1306/SSD1306.o
                0x000013fe                oledSendByte
 .text.oledSendCommand
                0x00001404       0x1e lib/ssd1306/SSD1306.o
                0x00001404                oledSendCommand
 .text.OLED_Clear
                0x00001422       0x80 lib/ssd1306/SSD1306.o
                0x00001422                OLED_Clear
 .text.OLED_Init
                0x000014a2       0xa0 lib/ssd1306/SSD1306.o
                0x000014a2                OLED_Init
 .text.OLED_SetCursor
                0x00001542       0x50 lib/ssd1306/SSD1306.o
                0x00001542                OLED_SetCursor
 .text.OLED_GoToNextLine
                0x00001592       0x18 lib/ssd1306/SSD1306.o
                0x00001592                OLED_GoToNextLine
 .text.OLED_DisplayChar
                0x000015aa       0x6c lib/ssd1306/SSD1306.o
                0x000015aa                OLED_DisplayChar
 .text.OLED_DisplayString
                0x00001616       0x1c lib/ssd1306/SSD1306.o
                0x00001616                OLED_DisplayString
 .text.OLED_DisplayNumber
                0x00001632      0x13a lib/ssd1306/SSD1306.o
                0x00001632                OLED_DisplayNumber
 .text.OLED_DisplayFloatNumber
                0x0000176c       0x8c lib/ssd1306/SSD1306.o
                0x0000176c                OLED_DisplayFloatNumber
 .text.OLED_Printf
                0x000017f8      0x236 lib/ssd1306/SSD1306.o
                0x000017f8                OLED_Printf
 .text.__set_direction
                0x00001a2e       0x10 include/Encoder.o
                0x00001a2e                __set_direction
 .text.__is_turn
                0x00001a3e       0x2e include/Encoder.o
                0x00001a3e                __is_turn
 .text.__reset  0x00001a6c       0xb2 include/Encoder.o
                0x00001a6c                __reset
 .text.__is_right_hold
                0x00001b1e       0x2c include/Encoder.o
                0x00001b1e                __is_right_hold
 .text.__is_left_hold
                0x00001b4a       0x2c include/Encoder.o
                0x00001b4a                __is_left_hold
 .text.__is_press
                0x00001b76       0x2e include/Encoder.o
                0x00001b76                __is_press
 .text.__is_release
                0x00001ba4       0x2e include/Encoder.o
                0x00001ba4                __is_release
 .text.__is_click
                0x00001bd2        0x6 include/Encoder.o
                0x00001bd2                __is_click
 .text.__is_holded
                0x00001bd8       0x2e include/Encoder.o
                0x00001bd8                __is_holded
 .text.__is_single
                0x00001c06       0x2e include/Encoder.o
                0x00001c06                __is_single
 .text.__is_double
                0x00001c34       0x2e include/Encoder.o
                0x00001c34                __is_double
 .text.__set_pin_mode
                0x00001c62       0x34 include/Encoder.o
                0x00001c62                __set_pin_mode
 .text.__set_button_pin_mode
                0x00001c96       0x1c include/Encoder.o
                0x00001c96                __set_button_pin_mode
 .text.__is_right
                0x00001cb2       0x38 include/Encoder.o
                0x00001cb2                __is_right
 .text.__is_left
                0x00001cea       0x38 include/Encoder.o
                0x00001cea                __is_left
 .text.__tick   0x00001d22      0x19e include/Encoder.o
                0x00001d22                __tick
 .text.new_encoder
                0x00001ec0      0x10a include/Encoder.o
                0x00001ec0                new_encoder
 .text.libgcc.div
                0x00001fca       0x44 /usr/lib/gcc/avr/13.2.0/avr5/libgcc.a(_udivmodsi4.o)
                0x00001fca                __udivmodsi4
 .text.libgcc   0x0000200e        0xc /usr/lib/gcc/avr/13.2.0/avr5/libgcc.a(_tablejump2.o)
                0x0000200e                __tablejump2__
 .text.libgcc.prologue
                0x0000201a       0x38 /usr/lib/gcc/avr/13.2.0/avr5/libgcc.a(_prologue.o)
                0x0000201a                __prologue_saves__
 .text.libgcc.prologue
                0x00002052       0x36 /usr/lib/gcc/avr/13.2.0/avr5/libgcc.a(_epilogue.o)
                0x00002052                __epilogue_restores__
 .text.avr-libc.fplib
                0x00002088        0xe /usr/lib/gcc/avr/13.2.0/../../../../avr/lib/avr5/libm.a(addsf3.o)
                0x00002088                __subsf3
                0x0000208a                __addsf3
 .text.avr-libc.fplib
                0x00002096       0xcc /usr/lib/gcc/avr/13.2.0/../../../../avr/lib/avr5/libm.a(addsf3x.o)
                0x000020b8                __addsf3x
 .text.avr-libc.fplib
                0x00002162       0x5e /usr/lib/gcc/avr/13.2.0/../../../../avr/lib/avr5/libm.a(fixunssfsi.o)
                0x00002162                __fixunssfsi
 .text.avr-libc.fplib
                0x000021c0       0x7a /usr/lib/gcc/avr/13.2.0/../../../../avr/lib/avr5/libm.a(floatsisf.o)
                0x000021c0                __floatunsisf
                0x000021c4                __floatsisf
 .text.avr-libc.fplib
                0x0000223a        0xc /usr/lib/gcc/avr/13.2.0/../../../../avr/lib/avr5/libm.a(fp_inf.o)
                0x0000223a                __fp_inf
 .text.avr-libc.fplib
                0x00002246        0x6 /usr/lib/gcc/avr/13.2.0/../../../../avr/lib/avr5/libm.a(fp_nan.o)
                0x00002246                __fp_nan
 .text.avr-libc.fplib
                0x0000224c        0xe /usr/lib/gcc/avr/13.2.0/../../../../avr/lib/avr5/libm.a(fp_pscA.o)
                0x0000224c                __fp_pscA
 .text.avr-libc.fplib
                0x0000225a        0xe /usr/lib/gcc/avr/13.2.0/../../../../avr/lib/avr5/libm.a(fp_pscB.o)
                0x0000225a                __fp_pscB
 .text.avr-libc.fplib
                0x00002268       0x22 /usr/lib/gcc/avr/13.2.0/../../../../avr/lib/avr5/libm.a(fp_round.o)
                0x00002268                __fp_round
 .text.avr-libc.fplib
                0x0000228a       0x44 /usr/lib/gcc/avr/13.2.0/../../../../avr/lib/avr5/libm.a(fp_split3.o)
                0x0000228a                __fp_split3
                0x0000229a                __fp_splitA
 .text.avr-libc.fplib
                0x000022ce        0xe /usr/lib/gcc/avr/13.2.0/../../../../avr/lib/avr5/libm.a(fp_zero.o)
                0x000022ce                __fp_zero
                0x000022d0                __fp_szero
 .text.avr-libc.fplib
                0x000022dc        0x8 /usr/lib/gcc/avr/13.2.0/../../../../avr/lib/avr5/libm.a(mulsf3.o)
                0x000022dc                __mulsf3
 .text.avr-libc.fplib
                0x000022e4       0xd2 /usr/lib/gcc/avr/13.2.0/../../../../avr/lib/avr5/libm.a(mulsf3x.o)
                0x00002302                __mulsf3x
                0x00002308                __mulsf3_pse
 .text.avr-libc
                0x000023b6      0x25a /usr/lib/gcc/avr/13.2.0/../../../../avr/lib/avr5/libc.a(malloc.o)
                0x000023b6                malloc
                0x000024e8                free
 .text.avr-libc
                0x00002610      0x1b0 /usr/lib/gcc/avr/13.2.0/../../../../avr/lib/avr5/libc.a(ftoa_engine.o)
                0x00002610                __ftoa_engine
 .text.avr-libc
                0x000027c0       0x16 /usr/lib/gcc/avr/13.2.0/../../../../avr/lib/avr5/libc.a(strnlen_P.o)
                0x000027c0                strnlen_P
 .text.avr-libc
                0x000027d6       0x16 /usr/lib/gcc/avr/13.2.0/../../../../avr/lib/avr5/libc.a(strnlen.o)
                0x000027d6                strnlen
 .text.avr-libc
                0x000027ec       0x60 /usr/lib/gcc/avr/13.2.0/../../../../avr/lib/avr5/libc.a(fputc.o)
                0x000027ec                fputc
 .text.avr-libc
                0x0000284c       0x2c /usr/lib/gcc/avr/13.2.0/../../../../avr/lib/avr5/libc.a(printf.o)
                0x0000284c                printf
 .text.avr-libc
                0x00002878       0x58 /usr/lib/gcc/avr/13.2.0/../../../../avr/lib/avr5/libc.a(puts.o)
                0x00002878                puts
 .text.avr-libc
                0x000028d0       0xbc /usr/lib/gcc/avr/13.2.0/../../../../avr/lib/avr5/libc.a(ultoa_invert.o)
                0x000028d0                __ultoa_invert
                0x0000298c                        . = ALIGN (0x2)
 *(.fini9)
 .fini9         0x0000298c        0x0 /usr/lib/gcc/avr/13.2.0/avr5/libgcc.a(_exit.o)
                0x0000298c                exit
                0x0000298c                _exit
 *(.fini9)
 *(.fini8)
 *(.fini8)
 *(.fini7)
 *(.fini7)
 *(.fini6)
 *(.fini6)
 *(.fini5)
 *(.fini5)
 *(.fini4)
 *(.fini4)
 *(.fini3)
 *(.fini3)
 *(.fini2)
 *(.fini2)
 *(.fini1)
 *(.fini1)
 *(.fini0)
 .fini0         0x0000298c        0x4 /usr/lib/gcc/avr/13.2.0/avr5/libgcc.a(_exit.o)
 *(.fini0)
 *(.hightext)
 *(.hightext*)
 *(.progmemx.*)
                0x00002990                        . = ALIGN (0x2)
 *(.jumptables)
 *(.jumptables*)
 .jumptables.gcc.OLED_Printf
                0x00002990       0xa8 lib/ssd1306/SSD1306.o
                0x00002a38                        _etext = .

.data           0x00800100      0x244 load address 0x00002a38
                0x00800100                        PROVIDE (__data_start = .)
 *(.data)
 .data          0x00800100        0x6 /usr/lib/gcc/avr/13.2.0/../../../../avr/lib/avr5/libc.a(malloc.o)
                0x00800100                __malloc_heap_end
                0x00800102                __malloc_heap_start
                0x00800104                __malloc_margin
 *(.data*)
 .data.bit_depth
                0x00800106        0x1 main.o
                0x00800106                bit_depth
 .data.Delay_Depth
                0x00800107        0x1 main.o
                0x00800107                Delay_Depth
 .data.distortion_threshold
                0x00800108        0x2 main.o
                0x00800108                distortion_threshold
 .data.bounce_delay
                0x0080010a        0x1 lib/arduino/sysclock.o
                0x0080010a                bounce_delay
 .data.uart_input
                0x0080010b        0xe lib/arduino/uart.o
                0x0080010b                uart_input
 .data.uart_output
                0x00800119        0xe lib/arduino/uart.o
                0x00800119                uart_output
 *(.gnu.linkonce.d*)
 *(.rodata)
 *(.rodata*)
 .rodata.print_effect.str1.1
                0x00800127       0x42 main.o
                                 0x38 (size before relaxing)
 .rodata.OledFontTable
                0x00800169      0x1db lib/ssd1306/SSD1306.o
                0x00800169                OledFontTable
 .rodata.__is_right.str1.1
                0x00800344        0x6 include/Encoder.o
 .rodata.__is_left.str1.1
                0x00800344        0x5 include/Encoder.o
 *(.gnu.linkonce.r*)
                0x0080034a                        . = ALIGN (0x2)
                0x00800344                        _edata = .
                0x00800344                        PROVIDE (__data_end = .)

.bss            0x00800344      0x10b
                0x00800344                        PROVIDE (__bss_start = .)
 *(.bss)
 .bss           0x00800344        0x4 /usr/lib/gcc/avr/13.2.0/../../../../avr/lib/avr5/libc.a(malloc.o)
                0x00800344                __flp
                0x00800346                __brkval
 .bss           0x00800348        0x6 /usr/lib/gcc/avr/13.2.0/../../../../avr/lib/avr5/libc.a(iob.o)
                0x00800348                __iob
 *(.bss*)
 .bss.btn_tmr.0
                0x0080034e        0x4 main.o
 .bss.DelayCounter
                0x00800352        0x1 main.o
                0x00800352                DelayCounter
 .bss.DelayBuffer
                0x00800353       0xc8 main.o
                0x00800353                DelayBuffer
 .bss.output_effect
                0x0080041b        0x1 main.o
                0x0080041b                output_effect
 .bss.counter   0x0080041c        0x2 main.o
                0x0080041c                counter
 .bss.input     0x0080041e        0x2 main.o
                0x0080041e                input
 .bss.ADC_high  0x00800420        0x2 main.o
                0x00800420                ADC_high
 .bss.ADC_low   0x00800422        0x2 main.o
                0x00800422                ADC_low
 .bss.button_history.0
                0x00800424        0x2 lib/arduino/button.o
 .bss.buttons   0x00800426        0x4 lib/arduino/button.o
                0x00800426                buttons
 .bss.servos    0x0080042a       0x18 lib/arduino/servo.o
                0x0080042a                servos
 .bss.iservo    0x00800442        0x1 lib/arduino/sysclock.o
                0x00800442                iservo
 .bss.sys_ctr_2
                0x00800443        0x4 lib/arduino/sysclock.o
                0x00800443                sys_ctr_2
 .bss.ticks_ro_ctr
                0x00800447        0x2 lib/arduino/sysclock.o
                0x00800447                ticks_ro_ctr
 .bss.PINbit    0x00800449        0x1 lib/arduino/tone.o
                0x00800449                PINbit
 .bss.PINport   0x0080044a        0x2 lib/arduino/tone.o
                0x0080044a                PINport
 .bss.masterMode
                0x0080044c        0x1 lib/i2c/i2c.o
 .bss.OledCursorPos
                0x0080044d        0x1 lib/ssd1306/SSD1306.o
                0x0080044d                OledCursorPos
 .bss.OledLineNum
                0x0080044e        0x1 lib/ssd1306/SSD1306.o
                0x0080044e                OledLineNum
 *(COMMON)
                0x0080044f                        PROVIDE (__bss_end = .)
                0x00002a38                        __data_load_start = LOADADDR (.data)
                0x00002c7c                        __data_load_end = (__data_load_start + SIZEOF (.data))

.noinit         0x0080044f        0x0
                [!provide]                        PROVIDE (__noinit_start = .)
 *(.noinit .noinit.* .gnu.linkonce.n.*)
                [!provide]                        PROVIDE (__noinit_end = .)
                0x0080044f                        _end = .
                0x0080044f                        PROVIDE (__heap_start = .)

.eeprom         0x00810000        0x0
 *(.eeprom*)
                0x00810000                        __eeprom_end = .

.fuse
 *(.fuse)
 *(.lfuse)
 *(.hfuse)
 *(.efuse)

.lock
 *(.lock*)

.signature
 *(.signature*)

.stab
 *(.stab)

.stabstr
 *(.stabstr)

.stab.excl
 *(.stab.excl)

.stab.exclstr
 *(.stab.exclstr)

.stab.index
 *(.stab.index)

.stab.indexstr
 *(.stab.indexstr)

.comment        0x00000000       0x12
 *(.comment)
 .comment       0x00000000       0x12 /usr/lib/gcc/avr/13.2.0/../../../../avr/lib/avr5/libprintf_flt.a(vfprintf_flt.o)
                                 0x13 (size before relaxing)
 .comment       0x00000012       0x13 main.o
 .comment       0x00000012       0x13 lib/arduino/button.o
 .comment       0x00000012       0x13 lib/arduino/digitalRead.o
 .comment       0x00000012       0x13 lib/arduino/pinMode.o
 .comment       0x00000012       0x13 lib/arduino/servo.o
 .comment       0x00000012       0x13 lib/arduino/sysclock.o
 .comment       0x00000012       0x13 lib/arduino/tone.o
 .comment       0x00000012       0x13 lib/arduino/uart.o
 .comment       0x00000012       0x13 lib/arduino/unolib.o
 .comment       0x00000012       0x13 lib/i2c/i2c.o
 .comment       0x00000012       0x13 lib/ssd1306/SSD1306.o
 .comment       0x00000012       0x13 include/Encoder.o
 .comment       0x00000012       0x13 /usr/lib/gcc/avr/13.2.0/../../../../avr/lib/avr5/libc.a(malloc.o)
 .comment       0x00000012       0x13 /usr/lib/gcc/avr/13.2.0/../../../../avr/lib/avr5/libc.a(fputc.o)
 .comment       0x00000012       0x13 /usr/lib/gcc/avr/13.2.0/../../../../avr/lib/avr5/libc.a(iob.o)
 .comment       0x00000012       0x13 /usr/lib/gcc/avr/13.2.0/../../../../avr/lib/avr5/libc.a(printf.o)
 .comment       0x00000012       0x13 /usr/lib/gcc/avr/13.2.0/../../../../avr/lib/avr5/libc.a(puts.o)

.note.gnu.avr.deviceinfo
                0x00000000       0x40
 .note.gnu.avr.deviceinfo
                0x00000000       0x40 /usr/lib/gcc/avr/13.2.0/../../../../avr/lib/avr5/crtatmega328p.o

.gnu.build.attributes
 *(.gnu.build.attributes .gnu.build.attributes.*)

.note.gnu.build-id
 *(.note.gnu.build-id)

.debug
 *(.debug)

.line
 *(.line)

.debug_srcinfo
 *(.debug_srcinfo)

.debug_sfnames
 *(.debug_sfnames)

.debug_aranges  0x00000000      0x380
 *(.debug_aranges)
 .debug_aranges
                0x00000000       0x30 main.o
 .debug_aranges
                0x00000030       0x28 lib/arduino/button.o
 .debug_aranges
                0x00000058       0x20 lib/arduino/digitalRead.o
 .debug_aranges
                0x00000078       0x20 lib/arduino/pinMode.o
 .debug_aranges
                0x00000098       0x30 lib/arduino/servo.o
 .debug_aranges
                0x000000c8       0x68 lib/arduino/sysclock.o
 .debug_aranges
                0x00000130       0x30 lib/arduino/tone.o
 .debug_aranges
                0x00000160       0x38 lib/arduino/uart.o
 .debug_aranges
                0x00000198       0x38 lib/arduino/unolib.o
 .debug_aranges
                0x000001d0       0x50 lib/i2c/i2c.o
 .debug_aranges
                0x00000220       0xc0 lib/ssd1306/SSD1306.o
 .debug_aranges
                0x000002e0       0xa0 include/Encoder.o

.debug_pubnames
 *(.debug_pubnames)

.debug_info     0x00000000     0x388e
 *(.debug_info .gnu.linkonce.wi.*)
 .debug_info    0x00000000      0x5f4 /usr/lib/gcc/avr/13.2.0/../../../../avr/lib/avr5/crtatmega328p.o
 .debug_info    0x000005f4      0x5e7 main.o
 .debug_info    0x00000bdb      0x15f lib/arduino/button.o
 .debug_info    0x00000d3a       0x9d lib/arduino/digitalRead.o
 .debug_info    0x00000dd7       0xf6 lib/arduino/pinMode.o
 .debug_info    0x00000ecd      0x1f9 lib/arduino/servo.o
 .debug_info    0x000010c6      0x44e lib/arduino/sysclock.o
 .debug_info    0x00001514      0x338 lib/arduino/tone.o
 .debug_info    0x0000184c      0x21c lib/arduino/uart.o
 .debug_info    0x00001a68      0x1bf lib/arduino/unolib.o
 .debug_info    0x00001c27      0x1fe lib/i2c/i2c.o
 .debug_info    0x00001e25     0x1111 lib/ssd1306/SSD1306.o
 .debug_info    0x00002f36      0x958 include/Encoder.o

.debug_abbrev   0x00000000     0x174b
 *(.debug_abbrev)
 .debug_abbrev  0x00000000      0x5a2 /usr/lib/gcc/avr/13.2.0/../../../../avr/lib/avr5/crtatmega328p.o
 .debug_abbrev  0x000005a2      0x22a main.o
 .debug_abbrev  0x000007cc      0x120 lib/arduino/button.o
 .debug_abbrev  0x000008ec       0x68 lib/arduino/digitalRead.o
 .debug_abbrev  0x00000954       0xae lib/arduino/pinMode.o
 .debug_abbrev  0x00000a02      0x14f lib/arduino/servo.o
 .debug_abbrev  0x00000b51      0x222 lib/arduino/sysclock.o
 .debug_abbrev  0x00000d73      0x17a lib/arduino/tone.o
 .debug_abbrev  0x00000eed      0x190 lib/arduino/uart.o
 .debug_abbrev  0x0000107d      0x124 lib/arduino/unolib.o
 .debug_abbrev  0x000011a1       0xb6 lib/i2c/i2c.o
 .debug_abbrev  0x00001257      0x2db lib/ssd1306/SSD1306.o
 .debug_abbrev  0x00001532      0x219 include/Encoder.o

.debug_line     0x00000000     0x3ebe
 *(.debug_line .debug_line.* .debug_line_end)
 .debug_line    0x00000000       0x1d /usr/lib/gcc/avr/13.2.0/../../../../avr/lib/avr5/crtatmega328p.o
 .debug_line    0x0000001d      0x770 main.o
 .debug_line    0x0000078d      0x1ae lib/arduino/button.o
 .debug_line    0x0000093b       0xf2 lib/arduino/digitalRead.o
 .debug_line    0x00000a2d      0x1dd lib/arduino/pinMode.o
 .debug_line    0x00000c0a      0x1d8 lib/arduino/servo.o
 .debug_line    0x00000de2      0x5d4 lib/arduino/sysclock.o
 .debug_line    0x000013b6      0x439 lib/arduino/tone.o
 .debug_line    0x000017ef      0x1ce lib/arduino/uart.o
 .debug_line    0x000019bd      0x19b lib/arduino/unolib.o
 .debug_line    0x00001b58      0x485 lib/i2c/i2c.o
 .debug_line    0x00001fdd     0x1140 lib/ssd1306/SSD1306.o
 .debug_line    0x0000311d      0xda1 include/Encoder.o

.debug_frame    0x00000000      0x964
 *(.debug_frame)
 .debug_frame   0x00000000       0xac main.o
 .debug_frame   0x000000ac       0x48 lib/arduino/button.o
 .debug_frame   0x000000f4       0x24 lib/arduino/digitalRead.o
 .debug_frame   0x00000118       0x24 lib/arduino/pinMode.o
 .debug_frame   0x0000013c       0x58 lib/arduino/servo.o
 .debug_frame   0x00000194      0x178 lib/arduino/sysclock.o
 .debug_frame   0x0000030c       0x54 lib/arduino/tone.o
 .debug_frame   0x00000360       0x5c lib/arduino/uart.o
 .debug_frame   0x000003bc       0x54 lib/arduino/unolib.o
 .debug_frame   0x00000410       0x84 lib/i2c/i2c.o
 .debug_frame   0x00000494      0x2c4 lib/ssd1306/SSD1306.o
 .debug_frame   0x00000758      0x20c include/Encoder.o

.debug_str      0x00000000      0xd8c
 *(.debug_str)
 .debug_str     0x00000000      0x208 /usr/lib/gcc/avr/13.2.0/../../../../avr/lib/avr5/crtatmega328p.o
 .debug_str     0x00000208      0xb84 main.o
                                0x399 (size before relaxing)
 .debug_str     0x00000d8c      0x18c lib/arduino/button.o
 .debug_str     0x00000d8c      0x150 lib/arduino/digitalRead.o
 .debug_str     0x00000d8c      0x171 lib/arduino/pinMode.o
 .debug_str     0x00000d8c      0x1c3 lib/arduino/servo.o
 .debug_str     0x00000d8c      0x2a0 lib/arduino/sysclock.o
 .debug_str     0x00000d8c      0x1df lib/arduino/tone.o
 .debug_str     0x00000d8c      0x1bf lib/arduino/uart.o
 .debug_str     0x00000d8c      0x199 lib/arduino/unolib.o
 .debug_str     0x00000d8c      0x1d1 lib/i2c/i2c.o
 .debug_str     0x00000d8c      0x54d lib/ssd1306/SSD1306.o
 .debug_str     0x00000d8c      0x4c9 include/Encoder.o

.debug_loc
 *(.debug_loc)

.debug_macinfo
 *(.debug_macinfo)

.debug_weaknames
 *(.debug_weaknames)

.debug_funcnames
 *(.debug_funcnames)

.debug_typenames
 *(.debug_typenames)

.debug_varnames
 *(.debug_varnames)

.debug_pubtypes
 *(.debug_pubtypes)

.debug_ranges
 *(.debug_ranges)

.debug_addr
 *(.debug_addr)

.debug_line_str
                0x00000000      0x250
 *(.debug_line_str)
 .debug_line_str
                0x00000000      0x250 main.o
                                 0xd8 (size before relaxing)
 .debug_line_str
                0x00000250       0x90 lib/arduino/button.o
 .debug_line_str
                0x00000250       0x96 lib/arduino/digitalRead.o
 .debug_line_str
                0x00000250       0x93 lib/arduino/pinMode.o
 .debug_line_str
                0x00000250       0x97 lib/arduino/servo.o
 .debug_line_str
                0x00000250       0xcd lib/arduino/sysclock.o
 .debug_line_str
                0x00000250       0x90 lib/arduino/tone.o
 .debug_line_str
                0x00000250       0x89 lib/arduino/uart.o
 .debug_line_str
                0x00000250       0xab lib/arduino/unolib.o
 .debug_line_str
                0x00000250       0x7e lib/i2c/i2c.o
 .debug_line_str
                0x00000250       0xfb lib/ssd1306/SSD1306.o
 .debug_line_str
                0x00000250      0x101 include/Encoder.o

.debug_loclists
                0x00000000     0x1474
 *(.debug_loclists)
 .debug_loclists
                0x00000000       0x2d main.o
 .debug_loclists
                0x0000002d       0xa0 lib/arduino/button.o
 .debug_loclists
                0x000000cd       0x4e lib/arduino/digitalRead.o
 .debug_loclists
                0x0000011b      0x1da lib/arduino/pinMode.o
 .debug_loclists
                0x000002f5       0xd3 lib/arduino/servo.o
 .debug_loclists
                0x000003c8       0x68 lib/arduino/sysclock.o
 .debug_loclists
                0x00000430      0x216 lib/arduino/tone.o
 .debug_loclists
                0x00000646       0x88 lib/arduino/uart.o
 .debug_loclists
                0x000006ce       0xc9 lib/arduino/unolib.o
 .debug_loclists
                0x00000797      0x144 lib/i2c/i2c.o
 .debug_loclists
                0x000008db      0x77c lib/ssd1306/SSD1306.o
 .debug_loclists
                0x00001057      0x41d include/Encoder.o

.debug_macro
 *(.debug_macro)

.debug_names
 *(.debug_names)

.debug_rnglists
                0x00000000      0x277
 *(.debug_rnglists)
 .debug_rnglists
                0x00000000       0x22 main.o
 .debug_rnglists
                0x00000022       0x19 lib/arduino/button.o
 .debug_rnglists
                0x0000003b       0x13 lib/arduino/digitalRead.o
 .debug_rnglists
                0x0000004e       0x14 lib/arduino/pinMode.o
 .debug_rnglists
                0x00000062       0x20 lib/arduino/servo.o
 .debug_rnglists
                0x00000082       0x4b lib/arduino/sysclock.o
 .debug_rnglists
                0x000000cd       0x21 lib/arduino/tone.o
 .debug_rnglists
                0x000000ee       0x25 lib/arduino/uart.o
 .debug_rnglists
                0x00000113       0x25 lib/arduino/unolib.o
 .debug_rnglists
                0x00000138       0x37 lib/i2c/i2c.o
 .debug_rnglists
                0x0000016f       0x92 lib/ssd1306/SSD1306.o
 .debug_rnglists
                0x00000201       0x76 include/Encoder.o

.debug_str_offsets
 *(.debug_str_offsets)

.debug_sup
 *(.debug_sup)
OUTPUT(main.elf elf32-avr)
LOAD linker stubs
